// Jest Snapshot v1, https://goo.gl/fbAQLP

exports[`Matches Snapshot 1`] = `
<button
  className="button-style"
  data-testid="button"
>
  Hi 
  click me
</button>
`;
